A.L.E: Arcade Learning Environment (version 0.12.1+8a8fafb)
[Powered by Stella]
NoisyDQN(
  (conv): Sequential(
    (0): Conv2d(4, 32, kernel_size=(8, 8), stride=(4, 4))
    (1): ReLU()
    (2): Conv2d(32, 64, kernel_size=(4, 4), stride=(2, 2))
    (3): ReLU()
    (4): Conv2d(64, 64, kernel_size=(3, 3), stride=(1, 1))
    (5): ReLU()
  )
  (fc): Sequential(
    (0): NoisyLinear(in_features=3136, out_features=512, bias=True)
    (1): ReLU()
    (2): NoisyLinear(in_features=512, out_features=6, bias=True)
  )
)
762: done 1 games, mean reward -21.000, snr 1.05/2.63, speed 158.51 f/s, elapsed 0.001 hr
1552: done 2 games, mean reward -21.000, snr 1.05/2.63, speed 233.11 f/s, elapsed 0.002 hr
2392: done 3 games, mean reward -20.667, snr 1.05/2.63, speed 390.34 f/s, elapsed 0.003 hr
Best mean reward updated -21.000 -> -20.667, model saved
3154: done 4 games, mean reward -20.750, snr 1.05/2.63, speed 452.36 f/s, elapsed 0.003 hr
3944: done 5 games, mean reward -20.800, snr 1.05/2.63, speed 490.36 f/s, elapsed 0.004 hr
4734: done 6 games, mean reward -20.833, snr 1.05/2.63, speed 497.37 f/s, elapsed 0.004 hr
5544: done 7 games, mean reward -20.857, snr 1.05/2.63, speed 496.53 f/s, elapsed 0.005 hr
6306: done 8 games, mean reward -20.875, snr 1.05/2.63, speed 489.87 f/s, elapsed 0.005 hr
7096: done 9 games, mean reward -20.889, snr 1.05/2.63, speed 338.34 f/s, elapsed 0.006 hr
7858: done 10 games, mean reward -20.900, snr 1.05/2.63, speed 438.72 f/s, elapsed 0.006 hr
8648: done 11 games, mean reward -20.909, snr 1.05/2.63, speed 509.66 f/s, elapsed 0.007 hr
9410: done 12 games, mean reward -20.917, snr 1.05/2.63, speed 501.26 f/s, elapsed 0.007 hr
10220: done 13 games, mean reward -20.923, snr 1.05/2.63, speed 213.42 f/s, elapsed 0.008 hr
10982: done 14 games, mean reward -20.929, snr 1.05/2.62, speed 95.48 f/s, elapsed 0.010 hr
11744: done 15 games, mean reward -20.933, snr 1.05/2.62, speed 101.98 f/s, elapsed 0.012 hr
12506: done 16 games, mean reward -20.938, snr 1.05/2.62, speed 98.72 f/s, elapsed 0.015 hr
13268: done 17 games, mean reward -20.941, snr 1.05/2.60, speed 97.01 f/s, elapsed 0.017 hr
14030: done 18 games, mean reward -20.944, snr 1.05/2.60, speed 104.15 f/s, elapsed 0.019 hr
14852: done 19 games, mean reward -20.947, snr 1.05/2.60, speed 97.44 f/s, elapsed 0.021 hr
15702: done 20 games, mean reward -20.950, snr 1.05/2.57, speed 99.96 f/s, elapsed 0.024 hr
16464: done 21 games, mean reward -20.952, snr 1.05/2.57, speed 102.57 f/s, elapsed 0.026 hr
17226: done 22 games, mean reward -20.955, snr 1.05/2.56, speed 97.58 f/s, elapsed 0.028 hr
17988: done 23 games, mean reward -20.957, snr 1.05/2.54, speed 104.13 f/s, elapsed 0.030 hr
18750: done 24 games, mean reward -20.958, snr 1.05/2.54, speed 98.19 f/s, elapsed 0.032 hr
19692: done 25 games, mean reward -20.880, snr 1.05/2.54, speed 99.31 f/s, elapsed 0.035 hr
20454: done 26 games, mean reward -20.885, snr 1.05/2.53, speed 106.28 f/s, elapsed 0.037 hr
21216: done 27 games, mean reward -20.889, snr 1.05/2.54, speed 99.95 f/s, elapsed 0.039 hr
21978: done 28 games, mean reward -20.893, snr 1.05/2.54, speed 106.92 f/s, elapsed 0.041 hr
22768: done 29 games, mean reward -20.897, snr 1.05/2.55, speed 99.04 f/s, elapsed 0.043 hr
23638: done 30 games, mean reward -20.900, snr 1.05/2.56, speed 98.56 f/s, elapsed 0.045 hr
24400: done 31 games, mean reward -20.903, snr 1.05/2.58, speed 104.89 f/s, elapsed 0.047 hr
25162: done 32 games, mean reward -20.906, snr 1.05/2.58, speed 97.95 f/s, elapsed 0.050 hr
25982: done 33 games, mean reward -20.909, snr 1.05/2.57, speed 101.78 f/s, elapsed 0.052 hr
26892: done 34 games, mean reward -20.912, snr 1.05/2.59, speed 99.37 f/s, elapsed 0.054 hr
27682: done 35 games, mean reward -20.914, snr 1.05/2.61, speed 96.34 f/s, elapsed 0.057 hr
28444: done 36 games, mean reward -20.917, snr 1.05/2.61, speed 103.82 f/s, elapsed 0.059 hr
29268: done 37 games, mean reward -20.919, snr 1.05/2.63, speed 98.10 f/s, elapsed 0.061 hr
30192: done 38 games, mean reward -20.895, snr 1.05/2.65, speed 98.55 f/s, elapsed 0.064 hr
31102: done 39 games, mean reward -20.897, snr 1.05/2.67, speed 103.03 f/s, elapsed 0.066 hr
32044: done 40 games, mean reward -20.900, snr 1.05/2.67, speed 99.19 f/s, elapsed 0.069 hr
32964: done 41 games, mean reward -20.878, snr 1.05/2.69, speed 99.67 f/s, elapsed 0.071 hr
33850: done 42 games, mean reward -20.881, snr 1.05/2.70, speed 101.05 f/s, elapsed 0.074 hr
34812: done 43 games, mean reward -20.860, snr 1.05/2.70, speed 103.90 f/s, elapsed 0.076 hr
35648: done 44 games, mean reward -20.841, snr 1.05/2.73, speed 98.81 f/s, elapsed 0.079 hr
36509: done 45 games, mean reward -20.844, snr 1.05/2.75, speed 100.19 f/s, elapsed 0.081 hr
37349: done 46 games, mean reward -20.826, snr 1.05/2.76, speed 106.54 f/s, elapsed 0.083 hr
38245: done 47 games, mean reward -20.809, snr 1.05/2.76, speed 99.93 f/s, elapsed 0.086 hr
39007: done 48 games, mean reward -20.812, snr 1.05/2.76, speed 101.48 f/s, elapsed 0.088 hr
39829: done 49 games, mean reward -20.816, snr 1.05/2.78, speed 103.34 f/s, elapsed 0.090 hr
40693: done 50 games, mean reward -20.800, snr 1.05/2.79, speed 99.28 f/s, elapsed 0.092 hr
41515: done 51 games, mean reward -20.804, snr 1.05/2.80, speed 101.69 f/s, elapsed 0.095 hr
42277: done 52 games, mean reward -20.808, snr 1.05/2.81, speed 99.70 f/s, elapsed 0.097 hr
43058: done 53 games, mean reward -20.811, snr 1.05/2.81, speed 98.16 f/s, elapsed 0.099 hr
43899: done 54 games, mean reward -20.815, snr 1.05/2.82, speed 104.62 f/s, elapsed 0.101 hr
44708: done 55 games, mean reward -20.818, snr 1.05/2.83, speed 99.12 f/s, elapsed 0.103 hr
45470: done 56 games, mean reward -20.821, snr 1.05/2.85, speed 99.27 f/s, elapsed 0.106 hr
46232: done 57 games, mean reward -20.825, snr 1.05/2.86, speed 104.17 f/s, elapsed 0.108 hr
47054: done 58 games, mean reward -20.828, snr 1.05/2.89, speed 98.31 f/s, elapsed 0.110 hr
47934: done 59 games, mean reward -20.831, snr 1.05/2.89, speed 102.43 f/s, elapsed 0.112 hr
48756: done 60 games, mean reward -20.833, snr 1.05/2.89, speed 99.07 f/s, elapsed 0.115 hr
49660: done 61 games, mean reward -20.820, snr 1.05/2.89, speed 99.05 f/s, elapsed 0.117 hr
50510: done 62 games, mean reward -20.823, snr 1.05/2.92, speed 101.90 f/s, elapsed 0.119 hr
51393: done 63 games, mean reward -20.825, snr 1.05/2.92, speed 100.31 f/s, elapsed 0.122 hr
52217: done 64 games, mean reward -20.828, snr 1.05/2.93, speed 98.10 f/s, elapsed 0.124 hr
53041: done 65 games, mean reward -20.831, snr 1.05/2.94, speed 102.33 f/s, elapsed 0.126 hr
53859: done 66 games, mean reward -20.833, snr 1.05/2.94, speed 100.13 f/s, elapsed 0.129 hr
54700: done 67 games, mean reward -20.836, snr 1.05/2.96, speed 98.19 f/s, elapsed 0.131 hr
55569: done 68 games, mean reward -20.838, snr 1.05/2.98, speed 94.52 f/s, elapsed 0.134 hr
56421: done 69 games, mean reward -20.841, snr 1.05/2.99, speed 94.45 f/s, elapsed 0.136 hr
57243: done 70 games, mean reward -20.843, snr 1.05/2.99, speed 95.47 f/s, elapsed 0.139 hr
58062: done 71 games, mean reward -20.845, snr 1.05/3.01, speed 87.82 f/s, elapsed 0.141 hr
58843: done 72 games, mean reward -20.847, snr 1.05/3.01, speed 87.34 f/s, elapsed 0.144 hr
59665: done 73 games, mean reward -20.849, snr 1.05/3.01, speed 88.17 f/s, elapsed 0.146 hr
60487: done 74 games, mean reward -20.851, snr 1.05/3.03, speed 104.46 f/s, elapsed 0.148 hr
61355: done 75 games, mean reward -20.840, snr 1.05/3.03, speed 94.78 f/s, elapsed 0.151 hr
62146: done 76 games, mean reward -20.842, snr 1.05/3.04, speed 102.29 f/s, elapsed 0.153 hr
63154: done 77 games, mean reward -20.844, snr 1.05/3.04, speed 100.66 f/s, elapsed 0.156 hr
64166: done 78 games, mean reward -20.833, snr 1.05/3.05, speed 97.14 f/s, elapsed 0.159 hr
65006: done 79 games, mean reward -20.823, snr 1.05/3.05, speed 99.43 f/s, elapsed 0.161 hr
66091: done 80 games, mean reward -20.788, snr 1.05/3.06, speed 102.20 f/s, elapsed 0.164 hr
66909: done 81 games, mean reward -20.790, snr 1.05/3.06, speed 97.36 f/s, elapsed 0.166 hr
67874: done 82 games, mean reward -20.780, snr 1.05/3.06, speed 98.10 f/s, elapsed 0.169 hr
68784: done 83 games, mean reward -20.783, snr 1.05/3.06, speed 102.96 f/s, elapsed 0.172 hr
69636: done 84 games, mean reward -20.786, snr 1.05/3.07, speed 96.34 f/s, elapsed 0.174 hr
70471: done 85 games, mean reward -20.776, snr 1.05/3.08, speed 102.47 f/s, elapsed 0.176 hr
71293: done 86 games, mean reward -20.779, snr 1.05/3.08, speed 97.02 f/s, elapsed 0.179 hr
72257: done 87 games, mean reward -20.770, snr 1.05/3.08, speed 96.42 f/s, elapsed 0.181 hr
73097: done 88 games, mean reward -20.761, snr 1.04/3.09, speed 103.22 f/s, elapsed 0.184 hr
73937: done 89 games, mean reward -20.753, snr 1.04/3.09, speed 95.47 f/s, elapsed 0.186 hr
74824: done 90 games, mean reward -20.744, snr 1.04/3.09, speed 98.73 f/s, elapsed 0.189 hr
75720: done 91 games, mean reward -20.736, snr 1.04/3.09, speed 103.56 f/s, elapsed 0.191 hr
76652: done 92 games, mean reward -20.717, snr 1.05/3.11, speed 97.20 f/s, elapsed 0.194 hr
77493: done 93 games, mean reward -20.710, snr 1.04/3.10, speed 100.59 f/s, elapsed 0.196 hr
78334: done 94 games, mean reward -20.713, snr 1.04/3.11, speed 97.53 f/s, elapsed 0.198 hr
79156: done 95 games, mean reward -20.716, snr 1.04/3.12, speed 95.33 f/s, elapsed 0.201 hr
80042: done 96 games, mean reward -20.719, snr 1.04/3.13, speed 105.01 f/s, elapsed 0.203 hr
80864: done 97 games, mean reward -20.722, snr 1.04/3.14, speed 96.11 f/s, elapsed 0.206 hr
81686: done 98 games, mean reward -20.724, snr 1.04/3.14, speed 101.15 f/s, elapsed 0.208 hr
82508: done 99 games, mean reward -20.727, snr 1.04/3.14, speed 97.67 f/s, elapsed 0.210 hr
83298: done 100 games, mean reward -20.730, snr 1.04/3.15, speed 96.05 f/s, elapsed 0.212 hr
84259: done 101 games, mean reward -20.730, snr 1.04/3.15, speed 104.12 f/s, elapsed 0.215 hr
85217: done 102 games, mean reward -20.720, snr 1.04/3.16, speed 97.14 f/s, elapsed 0.218 hr
86057: done 103 games, mean reward -20.720, snr 1.04/3.16, speed 98.46 f/s, elapsed 0.220 hr
86879: done 104 games, mean reward -20.720, snr 1.04/3.16, speed 102.69 f/s, elapsed 0.222 hr
87827: done 105 games, mean reward -20.710, snr 1.04/3.18, speed 96.41 f/s, elapsed 0.225 hr
88608: done 106 games, mean reward -20.710, snr 1.04/3.18, speed 102.18 f/s, elapsed 0.227 hr
89490: done 107 games, mean reward -20.710, snr 1.04/3.19, speed 97.76 f/s, elapsed 0.230 hr
90418: done 108 games, mean reward -20.700, snr 1.04/3.19, speed 96.51 f/s, elapsed 0.232 hr
91259: done 109 games, mean reward -20.690, snr 1.04/3.19, speed 105.04 f/s, elapsed 0.235 hr
92109: done 110 games, mean reward -20.690, snr 1.04/3.20, speed 96.45 f/s, elapsed 0.237 hr
93074: done 111 games, mean reward -20.670, snr 1.04/3.18, speed 96.92 f/s, elapsed 0.240 hr
93914: done 112 games, mean reward -20.660, snr 1.04/3.19, speed 102.90 f/s, elapsed 0.242 hr
Best mean reward updated -20.667 -> -20.660, model saved
95028: done 113 games, mean reward -20.640, snr 1.04/3.19, speed 98.15 f/s, elapsed 0.245 hr
Best mean reward updated -20.660 -> -20.640, model saved
95850: done 114 games, mean reward -20.640, snr 1.04/3.20, speed 96.21 f/s, elapsed 0.248 hr
96767: done 115 games, mean reward -20.630, snr 1.04/3.20, speed 104.35 f/s, elapsed 0.250 hr
Best mean reward updated -20.640 -> -20.630, model saved
97557: done 116 games, mean reward -20.630, snr 1.04/3.20, speed 94.78 f/s, elapsed 0.252 hr
98379: done 117 games, mean reward -20.630, snr 1.04/3.20, speed 103.53 f/s, elapsed 0.255 hr
99257: done 118 games, mean reward -20.630, snr 1.04/3.20, speed 98.60 f/s, elapsed 0.257 hr
100171: done 119 games, mean reward -20.610, snr 1.04/3.20, speed 95.76 f/s, elapsed 0.260 hr
Best mean reward updated -20.630 -> -20.610, model saved
100933: done 120 games, mean reward -20.610, snr 1.04/3.20, speed 104.18 f/s, elapsed 0.262 hr
101755: done 121 games, mean reward -20.610, snr 1.04/3.21, speed 96.13 f/s, elapsed 0.264 hr
102591: done 122 games, mean reward -20.600, snr 1.04/3.21, speed 102.74 f/s, elapsed 0.266 hr
Best mean reward updated -20.610 -> -20.600, model saved
103383: done 123 games, mean reward -20.600, snr 1.04/3.22, speed 96.21 f/s, elapsed 0.269 hr
104205: done 124 games, mean reward -20.600, snr 1.04/3.22, speed 97.99 f/s, elapsed 0.271 hr
104985: done 125 games, mean reward -20.620, snr 1.04/3.21, speed 104.21 f/s, elapsed 0.273 hr
105941: done 126 games, mean reward -20.610, snr 1.04/3.22, speed 97.26 f/s, elapsed 0.276 hr
106765: done 127 games, mean reward -20.610, snr 1.04/3.22, speed 102.87 f/s, elapsed 0.278 hr
107555: done 128 games, mean reward -20.610, snr 1.04/3.21, speed 98.08 f/s, elapsed 0.280 hr
108530: done 129 games, mean reward -20.590, snr 1.04/3.22, speed 97.50 f/s, elapsed 0.283 hr
Best mean reward updated -20.600 -> -20.590, model saved
109522: done 130 games, mean reward -20.570, snr 1.04/3.21, speed 103.70 f/s, elapsed 0.286 hr
Best mean reward updated -20.590 -> -20.570, model saved
110466: done 131 games, mean reward -20.570, snr 1.04/3.22, speed 97.92 f/s, elapsed 0.288 hr
111349: done 132 games, mean reward -20.570, snr 1.04/3.22, speed 96.50 f/s, elapsed 0.291 hr
112333: done 133 games, mean reward -20.550, snr 1.04/3.22, speed 101.75 f/s, elapsed 0.294 hr
Best mean reward updated -20.570 -> -20.550, model saved
113123: done 134 games, mean reward -20.550, snr 1.04/3.22, speed 95.46 f/s, elapsed 0.296 hr
113945: done 135 games, mean reward -20.550, snr 1.04/3.22, speed 95.86 f/s, elapsed 0.298 hr
114767: done 136 games, mean reward -20.550, snr 1.04/3.23, speed 102.87 f/s, elapsed 0.300 hr
115529: done 137 games, mean reward -20.550, snr 1.04/3.22, speed 95.00 f/s, elapsed 0.303 hr
116379: done 138 games, mean reward -20.560, snr 1.04/3.22, speed 106.36 f/s, elapsed 0.305 hr
117171: done 139 games, mean reward -20.560, snr 1.04/3.22, speed 95.44 f/s, elapsed 0.307 hr
118055: done 140 games, mean reward -20.560, snr 1.04/3.22, speed 97.62 f/s, elapsed 0.310 hr
118895: done 141 games, mean reward -20.560, snr 1.04/3.23, speed 98.01 f/s, elapsed 0.312 hr
119763: done 142 games, mean reward -20.550, snr 1.04/3.23, speed 94.47 f/s, elapsed 0.315 hr
120655: done 143 games, mean reward -20.550, snr 1.04/3.23, speed 101.75 f/s, elapsed 0.317 hr
121417: done 144 games, mean reward -20.560, snr 1.04/3.24, speed 97.29 f/s, elapsed 0.319 hr
122209: done 145 games, mean reward -20.560, snr 1.04/3.25, speed 100.04 f/s, elapsed 0.321 hr
123050: done 146 games, mean reward -20.570, snr 1.04/3.25, speed 100.82 f/s, elapsed 0.324 hr
124022: done 147 games, mean reward -20.580, snr 1.04/3.25, speed 96.57 f/s, elapsed 0.327 hr
124862: done 148 games, mean reward -20.570, snr 1.04/3.25, speed 102.46 f/s, elapsed 0.329 hr
125839: done 149 games, mean reward -20.560, snr 1.04/3.25, speed 98.77 f/s, elapsed 0.332 hr
126601: done 150 games, mean reward -20.570, snr 1.04/3.25, speed 94.43 f/s, elapsed 0.334 hr
127538: done 151 games, mean reward -20.560, snr 1.04/3.25, speed 105.77 f/s, elapsed 0.336 hr
128374: done 152 games, mean reward -20.550, snr 1.04/3.24, speed 96.93 f/s, elapsed 0.339 hr
129286: done 153 games, mean reward -20.550, snr 1.04/3.25, speed 96.61 f/s, elapsed 0.341 hr
130076: done 154 games, mean reward -20.550, snr 1.04/3.26, speed 102.16 f/s, elapsed 0.343 hr
130917: done 155 games, mean reward -20.540, snr 1.04/3.26, speed 96.59 f/s, elapsed 0.346 hr
Best mean reward updated -20.550 -> -20.540, model saved
131727: done 156 games, mean reward -20.540, snr 1.04/3.26, speed 102.96 f/s, elapsed 0.348 hr
132567: done 157 games, mean reward -20.530, snr 1.04/3.27, speed 93.82 f/s, elapsed 0.351 hr
Best mean reward updated -20.540 -> -20.530, model saved
133357: done 158 games, mean reward -20.530, snr 1.04/3.27, speed 98.74 f/s, elapsed 0.353 hr
134277: done 159 games, mean reward -20.520, snr 1.04/3.27, speed 101.16 f/s, elapsed 0.355 hr
Best mean reward updated -20.530 -> -20.520, model saved
135154: done 160 games, mean reward -20.510, snr 1.04/3.27, speed 95.22 f/s, elapsed 0.358 hr
Best mean reward updated -20.520 -> -20.510, model saved
135978: done 161 games, mean reward -20.520, snr 1.04/3.28, speed 101.42 f/s, elapsed 0.360 hr
136908: done 162 games, mean reward -20.520, snr 1.04/3.29, speed 97.59 f/s, elapsed 0.363 hr
137730: done 163 games, mean reward -20.520, snr 1.04/3.29, speed 95.14 f/s, elapsed 0.365 hr
138511: done 164 games, mean reward -20.520, snr 1.04/3.28, speed 104.12 f/s, elapsed 0.367 hr
139347: done 165 games, mean reward -20.510, snr 1.04/3.29, speed 94.99 f/s, elapsed 0.370 hr
140424: done 166 games, mean reward -20.500, snr 1.04/3.29, speed 97.96 f/s, elapsed 0.373 hr
Best mean reward updated -20.510 -> -20.500, model saved
141265: done 167 games, mean reward -20.500, snr 1.04/3.29, speed 103.06 f/s, elapsed 0.375 hr
142147: done 168 games, mean reward -20.500, snr 1.04/3.29, speed 95.58 f/s, elapsed 0.378 hr
143028: done 169 games, mean reward -20.500, snr 1.04/3.29, speed 98.73 f/s, elapsed 0.380 hr
143929: done 170 games, mean reward -20.500, snr 1.04/3.30, speed 100.06 f/s, elapsed 0.383 hr
144770: done 171 games, mean reward -20.490, snr 1.04/3.30, speed 95.23 f/s, elapsed 0.385 hr
Best mean reward updated -20.500 -> -20.490, model saved
145532: done 172 games, mean reward -20.490, snr 1.04/3.31, speed 104.15 f/s, elapsed 0.387 hr
146294: done 173 games, mean reward -20.490, snr 1.04/3.30, speed 94.50 f/s, elapsed 0.389 hr
147137: done 174 games, mean reward -20.490, snr 1.04/3.31, speed 99.26 f/s, elapsed 0.392 hr
148119: done 175 games, mean reward -20.490, snr 1.04/3.31, speed 99.81 f/s, elapsed 0.394 hr
148881: done 176 games, mean reward -20.490, snr 1.04/3.31, speed 94.42 f/s, elapsed 0.397 hr
149731: done 177 games, mean reward -20.490, snr 1.04/3.32, speed 104.04 f/s, elapsed 0.399 hr
150493: done 178 games, mean reward -20.500, snr 1.04/3.32, speed 93.63 f/s, elapsed 0.401 hr
151328: done 179 games, mean reward -20.500, snr 1.04/3.33, speed 101.25 f/s, elapsed 0.403 hr
152109: done 180 games, mean reward -20.530, snr 1.04/3.32, speed 99.50 f/s, elapsed 0.406 hr
153194: done 181 games, mean reward -20.520, snr 1.04/3.33, speed 97.28 f/s, elapsed 0.409 hr
153984: done 182 games, mean reward -20.530, snr 1.04/3.33, speed 105.56 f/s, elapsed 0.411 hr
154908: done 183 games, mean reward -20.520, snr 1.04/3.33, speed 98.29 f/s, elapsed 0.413 hr
155689: done 184 games, mean reward -20.520, snr 1.04/3.34, speed 96.91 f/s, elapsed 0.416 hr
156451: done 185 games, mean reward -20.530, snr 1.04/3.34, speed 102.03 f/s, elapsed 0.418 hr
157454: done 186 games, mean reward -20.520, snr 1.04/3.34, speed 97.47 f/s, elapsed 0.421 hr
158216: done 187 games, mean reward -20.530, snr 1.04/3.33, speed 103.30 f/s, elapsed 0.423 hr
159229: done 188 games, mean reward -20.530, snr 1.04/3.34, speed 98.42 f/s, elapsed 0.426 hr
160065: done 189 games, mean reward -20.530, snr 1.04/3.35, speed 96.78 f/s, elapsed 0.428 hr
160965: done 190 games, mean reward -20.530, snr 1.04/3.34, speed 103.61 f/s, elapsed 0.430 hr
161851: done 191 games, mean reward -20.540, snr 1.04/3.36, speed 95.91 f/s, elapsed 0.433 hr
162702: done 192 games, mean reward -20.560, snr 1.04/3.36, speed 95.61 f/s, elapsed 0.435 hr
163613: done 193 games, mean reward -20.570, snr 1.04/3.35, speed 105.68 f/s, elapsed 0.438 hr
164673: done 194 games, mean reward -20.550, snr 1.04/3.35, speed 97.83 f/s, elapsed 0.441 hr
165514: done 195 games, mean reward -20.550, snr 1.04/3.36, speed 94.52 f/s, elapsed 0.443 hr
166276: done 196 games, mean reward -20.550, snr 1.04/3.35, speed 104.30 f/s, elapsed 0.445 hr
167038: done 197 games, mean reward -20.550, snr 1.04/3.35, speed 94.49 f/s, elapsed 0.448 hr
167977: done 198 games, mean reward -20.540, snr 1.04/3.35, speed 101.47 f/s, elapsed 0.450 hr
168801: done 199 games, mean reward -20.540, snr 1.04/3.35, speed 98.49 f/s, elapsed 0.452 hr
169623: done 200 games, mean reward -20.540, snr 1.04/3.35, speed 97.18 f/s, elapsed 0.455 hr
170537: done 201 games, mean reward -20.540, snr 1.04/3.35, speed 105.82 f/s, elapsed 0.457 hr
171447: done 202 games, mean reward -20.550, snr 1.04/3.35, speed 96.52 f/s, elapsed 0.460 hr
172385: done 203 games, mean reward -20.560, snr 1.04/3.35, speed 98.56 f/s, elapsed 0.462 hr
173221: done 204 games, mean reward -20.550, snr 1.04/3.35, speed 102.99 f/s, elapsed 0.465 hr
174284: done 205 games, mean reward -20.560, snr 1.04/3.34, speed 97.86 f/s, elapsed 0.468 hr
175270: done 206 games, mean reward -20.550, snr 1.04/3.34, speed 98.55 f/s, elapsed 0.470 hr
176092: done 207 games, mean reward -20.550, snr 1.04/3.34, speed 105.82 f/s, elapsed 0.473 hr
177177: done 208 games, mean reward -20.550, snr 1.04/3.34, speed 97.25 f/s, elapsed 0.476 hr
177995: done 209 games, mean reward -20.560, snr 1.04/3.34, speed 92.85 f/s, elapsed 0.478 hr
178819: done 210 games, mean reward -20.560, snr 1.04/3.33, speed 101.82 f/s, elapsed 0.480 hr
179581: done 211 games, mean reward -20.580, snr 1.04/3.34, speed 96.46 f/s, elapsed 0.483 hr
180343: done 212 games, mean reward -20.590, snr 1.04/3.35, speed 103.94 f/s, elapsed 0.485 hr
181133: done 213 games, mean reward -20.610, snr 1.04/3.34, speed 94.73 f/s, elapsed 0.487 hr
181951: done 214 games, mean reward -20.610, snr 1.04/3.35, speed 103.41 f/s, elapsed 0.489 hr
182859: done 215 games, mean reward -20.620, snr 1.04/3.34, speed 97.26 f/s, elapsed 0.492 hr
183744: done 216 games, mean reward -20.620, snr 1.04/3.34, speed 95.19 f/s, elapsed 0.494 hr
184568: done 217 games, mean reward -20.620, snr 1.04/3.35, speed 104.27 f/s, elapsed 0.497 hr
185437: done 218 games, mean reward -20.620, snr 1.04/3.35, speed 95.19 f/s, elapsed 0.499 hr
186315: done 219 games, mean reward -20.640, snr 1.04/3.36, speed 98.55 f/s, elapsed 0.502 hr
187185: done 220 games, mean reward -20.630, snr 1.04/3.37, speed 102.26 f/s, elapsed 0.504 hr
187947: done 221 games, mean reward -20.630, snr 1.04/3.37, speed 95.11 f/s, elapsed 0.506 hr
188737: done 222 games, mean reward -20.640, snr 1.04/3.36, speed 103.29 f/s, elapsed 0.508 hr
189580: done 223 games, mean reward -20.640, snr 1.04/3.36, speed 94.22 f/s, elapsed 0.511 hr
190402: done 224 games, mean reward -20.640, snr 1.04/3.37, speed 97.76 f/s, elapsed 0.513 hr
191257: done 225 games, mean reward -20.630, snr 1.04/3.36, speed 98.44 f/s, elapsed 0.515 hr
192077: done 226 games, mean reward -20.640, snr 1.04/3.36, speed 94.19 f/s, elapsed 0.518 hr
193015: done 227 games, mean reward -20.640, snr 1.04/3.36, speed 104.42 f/s, elapsed 0.520 hr
193837: done 228 games, mean reward -20.640, snr 1.04/3.36, speed 95.35 f/s, elapsed 0.523 hr
194655: done 229 games, mean reward -20.660, snr 1.04/3.36, speed 98.13 f/s, elapsed 0.525 hr
195479: done 230 games, mean reward -20.680, snr 1.04/3.36, speed 99.56 f/s, elapsed 0.527 hr
196303: done 231 games, mean reward -20.680, snr 1.04/3.36, speed 94.18 f/s, elapsed 0.530 hr
197356: done 232 games, mean reward -20.680, snr 1.04/3.36, speed 100.26 f/s, elapsed 0.533 hr
198292: done 233 games, mean reward -20.680, snr 1.04/3.36, speed 98.50 f/s, elapsed 0.535 hr
199116: done 234 games, mean reward -20.680, snr 1.04/3.36, speed 94.83 f/s, elapsed 0.538 hr
199939: done 235 games, mean reward -20.680, snr 1.04/3.36, speed 104.46 f/s, elapsed 0.540 hr
200809: done 236 games, mean reward -20.680, snr 1.04/3.36, speed 94.53 f/s, elapsed 0.543 hr
201571: done 237 games, mean reward -20.680, snr 1.04/3.38, speed 95.09 f/s, elapsed 0.545 hr
202513: done 238 games, mean reward -20.680, snr 1.04/3.37, speed 99.28 f/s, elapsed 0.547 hr
203294: done 239 games, mean reward -20.680, snr 1.04/3.38, speed 94.35 f/s, elapsed 0.550 hr
204286: done 240 games, mean reward -20.670, snr 1.04/3.38, speed 99.42 f/s, elapsed 0.552 hr
205196: done 241 games, mean reward -20.680, snr 1.04/3.37, speed 99.95 f/s, elapsed 0.555 hr
206020: done 242 games, mean reward -20.690, snr 1.04/3.38, speed 94.18 f/s, elapsed 0.557 hr
206842: done 243 games, mean reward -20.700, snr 1.04/3.39, speed 101.47 f/s, elapsed 0.560 hr
207722: done 244 games, mean reward -20.700, snr 1.04/3.39, speed 94.34 f/s, elapsed 0.562 hr
208622: done 245 games, mean reward -20.690, snr 1.04/3.38, speed 94.99 f/s, elapsed 0.565 hr
209551: done 246 games, mean reward -20.680, snr 1.04/3.38, speed 103.09 f/s, elapsed 0.567 hr
210448: done 247 games, mean reward -20.670, snr 1.04/3.39, speed 94.38 f/s, elapsed 0.570 hr
211359: done 248 games, mean reward -20.670, snr 1.04/3.40, speed 94.33 f/s, elapsed 0.573 hr
212151: done 249 games, mean reward -20.680, snr 1.04/3.39, speed 103.42 f/s, elapsed 0.575 hr
212942: done 250 games, mean reward -20.680, snr 1.04/3.39, speed 95.23 f/s, elapsed 0.577 hr
213841: done 251 games, mean reward -20.680, snr 1.04/3.40, speed 101.90 f/s, elapsed 0.580 hr
214760: done 252 games, mean reward -20.670, snr 1.04/3.39, speed 97.58 f/s, elapsed 0.582 hr
215522: done 253 games, mean reward -20.670, snr 1.04/3.39, speed 93.91 f/s, elapsed 0.584 hr
216331: done 254 games, mean reward -20.670, snr 1.04/3.40, speed 104.47 f/s, elapsed 0.587 hr
217121: done 255 games, mean reward -20.680, snr 1.04/3.41, speed 94.77 f/s, elapsed 0.589 hr
217883: done 256 games, mean reward -20.680, snr 1.04/3.41, speed 103.93 f/s, elapsed 0.591 hr
218673: done 257 games, mean reward -20.690, snr 1.04/3.42, speed 93.79 f/s, elapsed 0.593 hr
219560: done 258 games, mean reward -20.680, snr 1.04/3.41, speed 97.12 f/s, elapsed 0.596 hr
220410: done 259 games, mean reward -20.690, snr 1.04/3.41, speed 101.37 f/s, elapsed 0.598 hr
221295: done 260 games, mean reward -20.690, snr 1.04/3.42, speed 94.27 f/s, elapsed 0.601 hr
222148: done 261 games, mean reward -20.690, snr 1.04/3.42, speed 101.47 f/s, elapsed 0.603 hr
222938: done 262 games, mean reward -20.690, snr 1.04/3.42, speed 96.44 f/s, elapsed 0.605 hr
223788: done 263 games, mean reward -20.690, snr 1.04/3.42, speed 94.93 f/s, elapsed 0.608 hr
224723: done 264 games, mean reward -20.670, snr 1.04/3.43, speed 103.30 f/s, elapsed 0.610 hr
225680: done 265 games, mean reward -20.670, snr 1.04/3.42, speed 96.57 f/s, elapsed 0.613 hr
226636: done 266 games, mean reward -20.670, snr 1.04/3.42, speed 96.13 f/s, elapsed 0.616 hr
227505: done 267 games, mean reward -20.670, snr 1.04/3.42, speed 104.18 f/s, elapsed 0.618 hr
228297: done 268 games, mean reward -20.670, snr 1.04/3.42, speed 94.45 f/s, elapsed 0.621 hr
229059: done 269 games, mean reward -20.670, snr 1.04/3.44, speed 102.39 f/s, elapsed 0.623 hr
229849: done 270 games, mean reward -20.670, snr 1.04/3.42, speed 95.82 f/s, elapsed 0.625 hr
230611: done 271 games, mean reward -20.680, snr 1.04/3.43, speed 96.91 f/s, elapsed 0.627 hr
231601: done 272 games, mean reward -20.670, snr 1.04/3.42, speed 101.20 f/s, elapsed 0.630 hr
232423: done 273 games, mean reward -20.670, snr 1.04/3.42, speed 95.48 f/s, elapsed 0.632 hr
233185: done 274 games, mean reward -20.670, snr 1.04/3.43, speed 101.09 f/s, elapsed 0.634 hr
234055: done 275 games, mean reward -20.680, snr 1.04/3.43, speed 96.38 f/s, elapsed 0.637 hr
234879: done 276 games, mean reward -20.680, snr 1.04/3.43, speed 95.81 f/s, elapsed 0.639 hr
235641: done 277 games, mean reward -20.680, snr 1.04/3.42, speed 105.08 f/s, elapsed 0.641 hr
236403: done 278 games, mean reward -20.680, snr 1.04/3.43, speed 93.93 f/s, elapsed 0.643 hr
237328: done 279 games, mean reward -20.680, snr 1.04/3.43, speed 100.44 f/s, elapsed 0.646 hr
238150: done 280 games, mean reward -20.680, snr 1.04/3.43, speed 95.62 f/s, elapsed 0.648 hr
239083: done 281 games, mean reward -20.690, snr 1.04/3.44, speed 95.16 f/s, elapsed 0.651 hr
239845: done 282 games, mean reward -20.690, snr 1.04/3.43, speed 104.83 f/s, elapsed 0.653 hr
240695: done 283 games, mean reward -20.700, snr 1.04/3.44, speed 95.54 f/s, elapsed 0.656 hr
241624: done 284 games, mean reward -20.690, snr 1.04/3.44, speed 100.14 f/s, elapsed 0.658 hr
242545: done 285 games, mean reward -20.680, snr 1.04/3.43, speed 97.95 f/s, elapsed 0.661 hr
243448: done 286 games, mean reward -20.680, snr 1.04/3.43, speed 94.44 f/s, elapsed 0.664 hr
244270: done 287 games, mean reward -20.680, snr 1.04/3.43, speed 104.66 f/s, elapsed 0.666 hr
245188: done 288 games, mean reward -20.670, snr 1.04/3.43, speed 95.37 f/s, elapsed 0.668 hr
245969: done 289 games, mean reward -20.680, snr 1.04/3.43, speed 95.36 f/s, elapsed 0.671 hr
247050: done 290 games, mean reward -20.670, snr 1.04/3.43, speed 103.77 f/s, elapsed 0.674 hr
248078: done 291 games, mean reward -20.650, snr 1.04/3.43, speed 97.36 f/s, elapsed 0.676 hr
248840: done 292 games, mean reward -20.650, snr 1.04/3.44, speed 93.22 f/s, elapsed 0.679 hr
249630: done 293 games, mean reward -20.650, snr 1.04/3.44, speed 103.38 f/s, elapsed 0.681 hr
250420: done 294 games, mean reward -20.670, snr 1.04/3.44, speed 93.18 f/s, elapsed 0.683 hr
251418: done 295 games, mean reward -20.650, snr 1.04/3.43, speed 98.58 f/s, elapsed 0.686 hr
252236: done 296 games, mean reward -20.650, snr 1.04/3.44, speed 100.33 f/s, elapsed 0.688 hr
253113: done 297 games, mean reward -20.640, snr 1.04/3.43, speed 95.70 f/s, elapsed 0.691 hr
253903: done 298 games, mean reward -20.650, snr 1.04/3.43, speed 103.55 f/s, elapsed 0.693 hr
254693: done 299 games, mean reward -20.650, snr 1.04/3.43, speed 94.89 f/s, elapsed 0.695 hr
255561: done 300 games, mean reward -20.640, snr 1.04/3.43, speed 98.43 f/s, elapsed 0.698 hr
256397: done 301 games, mean reward -20.630, snr 1.04/3.44, speed 99.99 f/s, elapsed 0.700 hr
257159: done 302 games, mean reward -20.630, snr 1.04/3.45, speed 94.75 f/s, elapsed 0.702 hr
258017: done 303 games, mean reward -20.620, snr 1.04/3.45, speed 104.23 f/s, elapsed 0.705 hr
258835: done 304 games, mean reward -20.630, snr 1.04/3.45, speed 95.12 f/s, elapsed 0.707 hr
259695: done 305 games, mean reward -20.620, snr 1.04/3.45, speed 98.95 f/s, elapsed 0.709 hr
260541: done 306 games, mean reward -20.630, snr 1.04/3.45, speed 98.59 f/s, elapsed 0.712 hr
261365: done 307 games, mean reward -20.630, snr 1.04/3.45, speed 95.23 f/s, elapsed 0.714 hr
262346: done 308 games, mean reward -20.630, snr 1.04/3.44, speed 101.03 f/s, elapsed 0.717 hr
263246: done 309 games, mean reward -20.620, snr 1.04/3.44, speed 96.76 f/s, elapsed 0.719 hr
264144: done 310 games, mean reward -20.620, snr 1.04/3.44, speed 95.51 f/s, elapsed 0.722 hr
264966: done 311 games, mean reward -20.620, snr 1.04/3.45, speed 103.36 f/s, elapsed 0.724 hr
265816: done 312 games, mean reward -20.620, snr 1.04/3.45, speed 94.75 f/s, elapsed 0.727 hr
266698: done 313 games, mean reward -20.620, snr 1.04/3.45, speed 97.07 f/s, elapsed 0.729 hr
267618: done 314 games, mean reward -20.610, snr 1.04/3.45, speed 101.30 f/s, elapsed 0.732 hr
268380: done 315 games, mean reward -20.610, snr 1.04/3.45, speed 93.79 f/s, elapsed 0.734 hr
269202: done 316 games, mean reward -20.610, snr 1.04/3.45, speed 103.40 f/s, elapsed 0.736 hr
269964: done 317 games, mean reward -20.610, snr 1.04/3.45, speed 94.40 f/s, elapsed 0.738 hr
270893: done 318 games, mean reward -20.600, snr 1.04/3.44, speed 97.52 f/s, elapsed 0.741 hr
271771: done 319 games, mean reward -20.600, snr 1.04/3.45, speed 101.19 f/s, elapsed 0.744 hr
272589: done 320 games, mean reward -20.610, snr 1.04/3.45, speed 92.89 f/s, elapsed 0.746 hr
273411: done 321 games, mean reward -20.610, snr 1.04/3.45, speed 100.47 f/s, elapsed 0.748 hr
274261: done 322 games, mean reward -20.610, snr 1.04/3.45, speed 97.06 f/s, elapsed 0.751 hr
275179: done 323 games, mean reward -20.600, snr 1.04/3.46, speed 96.37 f/s, elapsed 0.753 hr
276049: done 324 games, mean reward -20.600, snr 1.04/3.46, speed 104.09 f/s, elapsed 0.756 hr
276839: done 325 games, mean reward -20.610, snr 1.04/3.46, speed 95.98 f/s, elapsed 0.758 hr
277629: done 326 games, mean reward -20.610, snr 1.04/3.47, speed 100.88 f/s, elapsed 0.760 hr
278419: done 327 games, mean reward -20.610, snr 1.04/3.47, speed 97.97 f/s, elapsed 0.762 hr
279349: done 328 games, mean reward -20.600, snr 1.04/3.47, speed 95.22 f/s, elapsed 0.765 hr
280171: done 329 games, mean reward -20.600, snr 1.04/3.46, speed 103.27 f/s, elapsed 0.767 hr
281123: done 330 games, mean reward -20.590, snr 1.04/3.46, speed 95.95 f/s, elapsed 0.770 hr
281919: done 331 games, mean reward -20.590, snr 1.04/3.46, speed 98.30 f/s, elapsed 0.772 hr
282759: done 332 games, mean reward -20.580, snr 1.04/3.46, speed 101.38 f/s, elapsed 0.775 hr
283609: done 333 games, mean reward -20.600, snr 1.04/3.46, speed 95.52 f/s, elapsed 0.777 hr
284600: done 334 games, mean reward -20.580, snr 1.04/3.46, speed 100.46 f/s, elapsed 0.780 hr
285422: done 335 games, mean reward -20.580, snr 1.04/3.47, speed 97.88 f/s, elapsed 0.782 hr
286336: done 336 games, mean reward -20.580, snr 1.04/3.47, speed 96.71 f/s, elapsed 0.785 hr
287172: done 337 games, mean reward -20.570, snr 1.04/3.47, speed 105.60 f/s, elapsed 0.787 hr
287994: done 338 games, mean reward -20.570, snr 1.04/3.46, speed 96.32 f/s, elapsed 0.789 hr
288816: done 339 games, mean reward -20.570, snr 1.04/3.46, speed 100.52 f/s, elapsed 0.792 hr
289797: done 340 games, mean reward -20.570, snr 1.04/3.46, speed 99.02 f/s, elapsed 0.794 hr
290638: done 341 games, mean reward -20.560, snr 1.04/3.46, speed 95.64 f/s, elapsed 0.797 hr
291597: done 342 games, mean reward -20.550, snr 1.04/3.46, speed 100.68 f/s, elapsed 0.799 hr
292419: done 343 games, mean reward -20.550, snr 1.04/3.47, speed 98.34 f/s, elapsed 0.802 hr
293332: done 344 games, mean reward -20.550, snr 1.04/3.47, speed 96.95 f/s, elapsed 0.804 hr
294094: done 345 games, mean reward -20.560, snr 1.04/3.46, speed 106.30 f/s, elapsed 0.806 hr
294918: done 346 games, mean reward -20.570, snr 1.04/3.47, speed 95.84 f/s, elapsed 0.809 hr
295830: done 347 games, mean reward -20.580, snr 1.04/3.46, speed 99.10 f/s, elapsed 0.811 hr
296652: done 348 games, mean reward -20.590, snr 1.04/3.46, speed 99.24 f/s, elapsed 0.814 hr
297645: done 349 games, mean reward -20.570, snr 1.04/3.46, speed 95.88 f/s, elapsed 0.817 hr
298516: done 350 games, mean reward -20.570, snr 1.04/3.46, speed 99.90 f/s, elapsed 0.819 hr
299447: done 351 games, mean reward -20.560, snr 1.04/3.46, speed 98.93 f/s, elapsed 0.822 hr
300331: done 352 games, mean reward -20.570, snr 1.04/3.46, speed 96.63 f/s, elapsed 0.824 hr
301185: done 353 games, mean reward -20.570, snr 1.04/3.46, speed 103.96 f/s, elapsed 0.826 hr
302063: done 354 games, mean reward -20.570, snr 1.04/3.46, speed 95.50 f/s, elapsed 0.829 hr
302825: done 355 games, mean reward -20.570, snr 1.04/3.46, speed 94.49 f/s, elapsed 0.831 hr
303757: done 356 games, mean reward -20.570, snr 1.04/3.45, speed 100.24 f/s, elapsed 0.834 hr
304627: done 357 games, mean reward -20.570, snr 1.04/3.46, speed 95.76 f/s, elapsed 0.836 hr
305389: done 358 games, mean reward -20.580, snr 1.04/3.46, speed 102.15 f/s, elapsed 0.838 hr
306239: done 359 games, mean reward -20.580, snr 1.04/3.46, speed 97.44 f/s, elapsed 0.841 hr
307080: done 360 games, mean reward -20.590, snr 1.04/3.47, speed 95.44 f/s, elapsed 0.843 hr
307842: done 361 games, mean reward -20.590, snr 1.04/3.48, speed 103.47 f/s, elapsed 0.845 hr
308666: done 362 games, mean reward -20.590, snr 1.04/3.48, speed 93.92 f/s, elapsed 0.848 hr
309507: done 363 games, mean reward -20.580, snr 1.04/3.47, speed 102.64 f/s, elapsed 0.850 hr
310269: done 364 games, mean reward -20.600, snr 1.04/3.47, speed 94.80 f/s, elapsed 0.852 hr
311227: done 365 games, mean reward -20.600, snr 1.04/3.48, speed 95.28 f/s, elapsed 0.855 hr
312051: done 366 games, mean reward -20.610, snr 1.04/3.48, speed 103.72 f/s, elapsed 0.857 hr
312993: done 367 games, mean reward -20.610, snr 1.04/3.48, speed 95.56 f/s, elapsed 0.860 hr
313785: done 368 games, mean reward -20.610, snr 1.04/3.48, speed 100.04 f/s, elapsed 0.862 hr
314720: done 369 games, mean reward -20.590, snr 1.04/3.48, speed 98.28 f/s, elapsed 0.865 hr
315543: done 370 games, mean reward -20.590, snr 1.04/3.48, speed 95.21 f/s, elapsed 0.867 hr
316379: done 371 games, mean reward -20.580, snr 1.04/3.48, speed 103.71 f/s, elapsed 0.869 hr
317201: done 372 games, mean reward -20.590, snr 1.04/3.48, speed 95.40 f/s, elapsed 0.872 hr
318249: done 373 games, mean reward -20.580, snr 1.04/3.47, speed 96.99 f/s, elapsed 0.875 hr
319223: done 374 games, mean reward -20.580, snr 1.04/3.48, speed 101.29 f/s, elapsed 0.877 hr
320134: done 375 games, mean reward -20.580, snr 1.04/3.49, speed 96.78 f/s, elapsed 0.880 hr
321016: done 376 games, mean reward -20.580, snr 1.04/3.48, speed 95.45 f/s, elapsed 0.883 hr
321840: done 377 games, mean reward -20.580, snr 1.04/3.48, speed 103.83 f/s, elapsed 0.885 hr
322738: done 378 games, mean reward -20.570, snr 1.04/3.48, speed 96.59 f/s, elapsed 0.887 hr
323556: done 379 games, mean reward -20.580, snr 1.04/3.48, speed 98.51 f/s, elapsed 0.890 hr
324597: done 380 games, mean reward -20.560, snr 1.04/3.49, speed 100.09 f/s, elapsed 0.893 hr
325387: done 381 games, mean reward -20.560, snr 1.04/3.47, speed 96.21 f/s, elapsed 0.895 hr
326209: done 382 games, mean reward -20.560, snr 1.04/3.47, speed 102.80 f/s, elapsed 0.897 hr
327259: done 383 games, mean reward -20.550, snr 1.04/3.47, speed 98.65 f/s, elapsed 0.900 hr
328100: done 384 games, mean reward -20.560, snr 1.04/3.47, speed 95.38 f/s, elapsed 0.903 hr
328984: done 385 games, mean reward -20.570, snr 1.04/3.47, speed 103.73 f/s, elapsed 0.905 hr
329824: done 386 games, mean reward -20.570, snr 1.04/3.47, speed 98.15 f/s, elapsed 0.907 hr
330586: done 387 games, mean reward -20.570, snr 1.04/3.47, speed 97.81 f/s, elapsed 0.909 hr
331422: done 388 games, mean reward -20.580, snr 1.04/3.48, speed 101.23 f/s, elapsed 0.912 hr
332343: done 389 games, mean reward -20.570, snr 1.04/3.47, speed 96.71 f/s, elapsed 0.914 hr
333365: done 390 games, mean reward -20.580, snr 1.04/3.47, speed 96.60 f/s, elapsed 0.917 hr
334277: done 391 games, mean reward -20.590, snr 1.04/3.47, speed 100.28 f/s, elapsed 0.920 hr
335141: done 392 games, mean reward -20.580, snr 1.04/3.46, speed 96.57 f/s, elapsed 0.922 hr
336077: done 393 games, mean reward -20.570, snr 1.04/3.47, speed 100.34 f/s, elapsed 0.925 hr
336913: done 394 games, mean reward -20.560, snr 1.04/3.47, speed 101.25 f/s, elapsed 0.927 hr
337832: done 395 games, mean reward -20.570, snr 1.04/3.47, speed 96.04 f/s, elapsed 0.930 hr
338613: done 396 games, mean reward -20.570, snr 1.04/3.47, speed 104.84 f/s, elapsed 0.932 hr
339533: done 397 games, mean reward -20.570, snr 1.04/3.48, speed 96.72 f/s, elapsed 0.935 hr
340355: done 398 games, mean reward -20.570, snr 1.04/3.48, speed 98.19 f/s, elapsed 0.937 hr
341175: done 399 games, mean reward -20.570, snr 1.04/3.47, speed 92.97 f/s, elapsed 0.939 hr
342075: done 400 games, mean reward -20.570, snr 1.04/3.46, speed 97.62 f/s, elapsed 0.942 hr
342897: done 401 games, mean reward -20.580, snr 1.04/3.47, speed 101.15 f/s, elapsed 0.944 hr
343747: done 402 games, mean reward -20.580, snr 1.04/3.47, speed 95.60 f/s, elapsed 0.947 hr
344587: done 403 games, mean reward -20.580, snr 1.04/3.47, speed 91.47 f/s, elapsed 0.949 hr
345409: done 404 games, mean reward -20.580, snr 1.04/3.46, speed 99.82 f/s, elapsed 0.952 hr
